--------------------------------------------------------------------------------------
Timing Analyzer Summary
--------------------------------------------------------------------------------------

Type           : Worst-case tsu
Slack          : N/A
Required Time  : None
Actual Time    : 5.374 ns
From           : Reset
To             : newlcd:inst|LCD_Display:inst|CLK_COUNT_400HZ[0]
From Clock     : --
To Clock       : CLK50
Failed Paths   : 0

Type           : Worst-case tco
Slack          : N/A
Required Time  : None
Actual Time    : 14.529 ns
From           : newlcd:inst|LCD_Display:inst|LCD_RW_INT
To             : LCD_RW
From Clock     : CLK50
To Clock       : --
Failed Paths   : 0

Type           : Worst-case th
Slack          : N/A
Required Time  : None
Actual Time    : 0.740 ns
From           : DIP[1]
To             : Accumulator:inst38|lpm_ff0:inst1|lpm_ff:lpm_ff_component|dffs[1]
From Clock     : --
To Clock       : HAND_CLK
Failed Paths   : 0

Type           : Clock Setup: 'CLK50'
Slack          : N/A
Required Time  : None
Actual Time    : 153.82 MHz ( period = 6.501 ns )
From           : newlcd:inst|lpm_rom0:inst1|altsyncram:altsyncram_component|altsyncram_7f71:auto_generated|ram_block1a0~porta_address_reg4
To             : newlcd:inst|LCD_Display:inst|DATA_BUS_VALUE[3]
From Clock     : CLK50
To Clock       : CLK50
Failed Paths   : 0

Type           : Clock Setup: 'HAND_CLK'
Slack          : N/A
Required Time  : None
Actual Time    : 416.32 MHz ( period = 2.402 ns )
From           : Accumulator:inst38|lpm_ff0:inst1|lpm_ff:lpm_ff_component|dffs[0]
To             : Accumulator:inst38|lpm_ff0:inst1|lpm_ff:lpm_ff_component|dffs[6]
From Clock     : HAND_CLK
To Clock       : HAND_CLK
Failed Paths   : 0

Type           : Total number of failed paths
Slack          : 
Required Time  : 
Actual Time    : 
From           : 
To             : 
From Clock     : 
To Clock       : 
Failed Paths   : 0

--------------------------------------------------------------------------------------

